// Vitest Snapshot v1, https://vitest.dev/guide/snapshot.html

exports[`envelope > is valid 1`] = `"<soapenv:Envelope xmlns:xsi="http://www.w3.org/2001/XMLSchema-instance" xmlns:xsd="http://www.w3.org/2001/XMLSchema" xmlns:soapenv="http://schemas.xmlsoap.org/soap/envelope/" xmlns:urn="urn:soapservice"><soapenv:Header/><soapenv:Body><urn:sendfax soapenv:encodingStyle="http://schemas.xmlsoap.org/soap/encoding/"><username xsi:type="xsd:string">username</username><password xsi:type="xsd:string">password</password><faxnumber xsi:type="xsd:string">faxnumber</faxnumber><data xsi:type="xsd:string">data</data><filetype xsi:type="xsd:string">PDF</filetype><identifier xsi:type="xsd:string">identifier</identifier><statusurl xsi:type="xsd:string">statusurl</statusurl></urn:sendfax></soapenv:Body></soapenv:Envelope>"`;
